{
    "name": "test-sub-1",
    "id": "7728eca9-c3d1-471b-aeb4-a6a9104e64b5",
    "source": {
        "kind": "topic-1"
    },
    "filter": {
        "jmes_filter": ""
    },
    "config": {
        "batch_size": 10,
        "max_wait": 10000000000
    },
    "created_at": "2024-01-08T01:09:28.732535Z",
    "updated_at": "2024-01-08T01:09:28.732535Z",
    "deleted_at": null,
    "destination": null
}